Session: 0
Window: 2 (less)
Pane: 0
Title: commonplace.astrolab.ist
---
/typing
/unset typing

/typing
/typing
/unset typing



/typing
/typing
/unset typing
/typing
/typing
/unset typing



/typing
/typing
/unset typing



/typing
/typing
/unset typing
/typing
/typing
/unset typing
^C
jes@commonplace:~/commonplace/workspace/bartleby$ tail -f /tmp/debug-output.txt
/unset typing
/typing
/typing
/unset typing
/typing
/typing
/unset typing
/typing
/typing
/unset typing
/typing
/typing
/unset typing


/typing
/typing
/unset typing
^C
jes@commonplace:~/commonplace/workspace/bartleby$ tail -f /tmp/debug-output.txt
/unset typing
/typing
/typing
/unset typing
/typing
/typing
/unset typing
/typing
/typing
/unset typing
^C
jes@commonplace:~/commonplace/workspace/bartleby$ tail -f /tmp/
Display all 521 possibilities? (y or n)
jes@commonplace:~/commonplace/workspace/bartleby$ tail -f "/tmp/bartleby-debug.txt"
tail: cannot open '/tmp/bartleby-debug.txt' for reading: No such file or directory
tail: no files remaining
jes@commonplace:~/commonplace/workspace/bartleby$ tail -f "/tmp/bartleby-debug.txt"
tail: cannot open '/tmp/bartleby-debug.txt' for reading: No such file or directory
tail: no files remaining
jes@commonplace:~/commonplace/workspace/bartleby$ kill 142193
jes@commonplace:~/commonplace/workspace/bartleby$ kill 142193
-bash: kill: (142193) - No such process
jes@commonplace:~/commonplace/workspace/bartleby$ tail -f "/tmp/bartleby-debug.txt"
tail: cannot open '/tmp/bartleby-debug.txt' for reading: No such file or directory
tail: no files remaining
jes@commonplace:~/commonplace/workspace/bartleby$ tail -f "/tmp/bartleby-debug.txt"
tail: cannot open '/tmp/bartleby-debug.txt' for reading: No such file or directory
tail: no files remaining
jes@commonplace:~/commonplace/workspace/bartleby$ tail -f "/tmp/bartleby-debug.txt"
tail: cannot open '/tmp/bartleby-debug.txt' for reading: No such file or directory
tail: no files remaining
jes@commonplace:~/commonplace/workspace/bartleby$ tail -f "/tmp/bartleby-debug.txt"
tail: cannot open '/tmp/bartleby-debug.txt' for reading: No such file or directory
tail: no files remaining
jes@commonplace:~/commonplace/workspace/bartleby$ tail -f "/tmp/bartleby-debug.txt"
DEBUG: Starting query loop
^C
jes@commonplace:~/commonplace/workspace/bartleby$ tail -f "/tmp/bartleby-debug.txt"
DEBUG: Starting query loop
^C
jes@commonplace:~/commonplace/workspace/bartleby$ tail -f "/tmp/bartleby-debug.txt" /tmp/debug-output.txt
==> /tmp/bartleby-debug.txt <==
DEBUG: Starting query loop

==> /tmp/debug-output.txt <==
/typing
DEBUG Message: AssistantMessage
Hello! How can I help you today?
DEBUG Message: ResultMessage
/typing
/typing
/typing
/typing
DEBUG: Query loop finished
/unset typing

==> /tmp/bartleby-debug.txt <==
append_output called with: '/typing\n'

==> /tmp/debug-output.txt <==
/typing

==> /tmp/bartleby-debug.txt <==
DEBUG: Starting query loop
append_output called with: '/typing\n'

==> /tmp/debug-output.txt <==
/typing

==> /tmp/bartleby-debug.txt <==
append_output called with: '/typing\n'

==> /tmp/debug-output.txt <==
/typing

==> /tmp/bartleby-debug.txt <==
append_output called with: '/typing\n'

==> /tmp/debug-output.txt <==
/typing

==> /tmp/bartleby-debug.txt <==
append_output called with: '/typing\n'

==> /tmp/debug-output.txt <==
/typing

==> /tmp/bartleby-debug.txt <==
append_output called with: '/typing\n'

==> /tmp/debug-output.txt <==
/typing

==> /tmp/bartleby-debug.txt <==
append_output called with: '/typing\n'

==> /tmp/debug-output.txt <==
/typing

==> /tmp/bartleby-debug.txt <==
append_output called with: '/typing\n'

==> /tmp/debug-output.txt <==
/typing

==> /tmp/bartleby-debug.txt <==
append_output called with: '/typing\n'

==> /tmp/debug-output.txt <==
/typing

==> /tmp/bartleby-debug.txt <==
append_output called with: '/typing\n'

==> /tmp/debug-output.txt <==
/typing

==> /tmp/bartleby-debug.txt <==
append_output called with: '/typing\n'

==> /tmp/debug-output.txt <==
/typing

==> /tmp/bartleby-debug.txt <==
append_output called with: '/typing\n'

==> /tmp/debug-output.txt <==
/typing

==> /tmp/bartleby-debug.txt <==
append_output called with: '/typing\n'

==> /tmp/debug-output.txt <==
/typing

==> /tmp/bartleby-debug.txt <==
append_output called with: '/typing\n'

==> /tmp/debug-output.txt <==
/typing

==> /tmp/bartleby-debug.txt <==
append_output called with: '/typing\n'

==> /tmp/debug-output.txt <==
/typing

==> /tmp/bartleby-debug.txt <==
append_output called with: '/typing\n'

==> /tmp/debug-output.txt <==
/typing

==> /tmp/bartleby-debug.txt <==
append_output called with: '/typing\n'

==> /tmp/debug-output.txt <==
/typing

==> /tmp/bartleby-debug.txt <==
append_output called with: '/typing\n'

==> /tmp/debug-output.txt <==
/typing

==> /tmp/bartleby-debug.txt <==
append_output called with: '/typing\n'

==> /tmp/debug-output.txt <==
/typing

==> /tmp/bartleby-debug.txt <==
append_output called with: '/typing\n'

==> /tmp/debug-output.txt <==
/typing

==> /tmp/bartleby-debug.txt <==
append_output called with: '/typing\n'

==> /tmp/debug-output.txt <==
/typing

==> /tmp/bartleby-debug.txt <==
append_output called with: '/typing\n'

==> /tmp/debug-output.txt <==
/typing

==> /tmp/bartleby-debug.txt <==
append_output called with: '/typing\n'

==> /tmp/debug-output.txt <==
/typing

==> /tmp/bartleby-debug.txt <==
append_output called with: '/typing\n'

==> /tmp/debug-output.txt <==
/typing

==> /tmp/bartleby-debug.txt <==
append_output called with: '/typing\n'

==> /tmp/debug-output.txt <==
/typing

==> /tmp/bartleby-debug.txt <==
append_output called with: '/typing\n'

==> /tmp/debug-output.txt <==
/typing

==> /tmp/bartleby-debug.txt <==
append_output called with: '/typing\n'

==> /tmp/debug-output.txt <==
/typing

==> /tmp/bartleby-debug.txt <==
append_output called with: '/typing\n'

==> /tmp/debug-output.txt <==
/typing

==> /tmp/bartleby-debug.txt <==
append_output called with: '/typing\n'

==> /tmp/debug-output.txt <==
/typing

==> /tmp/bartleby-debug.txt <==
append_output called with: '/typing\n'

==> /tmp/debug-output.txt <==
/typing

==> /tmp/bartleby-debug.txt <==
append_output called with: '/typing\n'

==> /tmp/debug-output.txt <==
/typing
DEBUG Message: SystemMessage

==> /tmp/bartleby-debug.txt <==
append_output called with: '/typing\n'

==> /tmp/debug-output.txt <==
/typing

==> /tmp/bartleby-debug.txt <==
append_output called with: '/typing\n'

==> /tmp/debug-output.txt <==
/typing

==> /tmp/bartleby-debug.txt <==
append_output called with: '/typing\n'

==> /tmp/debug-output.txt <==
/typing

==> /tmp/bartleby-debug.txt <==
append_output called with: '/typing\n'

==> /tmp/debug-output.txt <==
/typing

==> /tmp/bartleby-debug.txt <==
append_output called with: '/typing\n'

==> /tmp/debug-output.txt <==
/typing

==> /tmp/bartleby-debug.txt <==
append_output called with: '/typing\n'

==> /tmp/debug-output.txt <==
/typing

==> /tmp/bartleby-debug.txt <==
append_output called with: '/typing\n'

==> /tmp/debug-output.txt <==
/typing

==> /tmp/bartleby-debug.txt <==
append_output called with: '/typing\n'

==> /tmp/debug-output.txt <==
/typing

==> /tmp/bartleby-debug.txt <==
append_output called with: '/typing\n'

==> /tmp/debug-output.txt <==
/typing

==> /tmp/bartleby-debug.txt <==
append_output called with: '/typing\n'

==> /tmp/debug-output.txt <==
/typing

==> /tmp/bartleby-debug.txt <==
append_output called with: '/typing\n'

==> /tmp/debug-output.txt <==
/typing

==> /tmp/bartleby-debug.txt <==
append_output called with: '/typing\n'

==> /tmp/debug-output.txt <==
/typing

==> /tmp/bartleby-debug.txt <==
append_output called with: '/typing\n'

==> /tmp/debug-output.txt <==
/typing

==> /tmp/bartleby-debug.txt <==
append_output called with: '/typing\n'

==> /tmp/debug-output.txt <==
/typing

==> /tmp/bartleby-debug.txt <==
append_output called with: '/typing\n'

==> /tmp/debug-output.txt <==
/typing

==> /tmp/bartleby-debug.txt <==
append_output called with: '/typing\n'

==> /tmp/debug-output.txt <==
/typing

==> /tmp/bartleby-debug.txt <==
append_output called with: '/typing\n'

==> /tmp/debug-output.txt <==
/typing

==> /tmp/bartleby-debug.txt <==
append_output called with: '/typing\n'

==> /tmp/debug-output.txt <==
/typing

==> /tmp/bartleby-debug.txt <==
append_output called with: '/typing\n'

==> /tmp/debug-output.txt <==
/typing

==> /tmp/bartleby-debug.txt <==
append_output called with: '/typing\n'

==> /tmp/debug-output.txt <==
/typing

==> /tmp/bartleby-debug.txt <==
append_output called with: '/typing\n'

==> /tmp/debug-output.txt <==
/typing

==> /tmp/bartleby-debug.txt <==
append_output called with: '/typing\n'

==> /tmp/debug-output.txt <==
/typing

==> /tmp/bartleby-debug.txt <==
append_output called with: '/typing\n'

==> /tmp/debug-output.txt <==
/typing

==> /tmp/bartleby-debug.txt <==
append_output called with: '/typing\n'

==> /tmp/debug-output.txt <==
/typing

==> /tmp/bartleby-debug.txt <==
append_output called with: '/typing\n'

==> /tmp/debug-output.txt <==
/typing

==> /tmp/bartleby-debug.txt <==
append_output called with: '/typing\n'

==> /tmp/debug-output.txt <==
/typing

==> /tmp/bartleby-debug.txt <==
append_output called with: '/typing\n'

==> /tmp/debug-output.txt <==
/typing

==> /tmp/bartleby-debug.txt <==
append_output called with: '/typing\n'

==> /tmp/debug-output.txt <==
/typing

==> /tmp/bartleby-debug.txt <==
append_output called with: '/typing\n'

==> /tmp/debug-output.txt <==
/typing

==> /tmp/bartleby-debug.txt <==
append_output called with: '/typing\n'

==> /tmp/debug-output.txt <==
/typing

==> /tmp/bartleby-debug.txt <==
append_output called with: '/typing\n'

==> /tmp/debug-output.txt <==
/typing

==> /tmp/bartleby-debug.txt <==
append_output called with: '/typing\n'

==> /tmp/debug-output.txt <==
/typing

==> /tmp/bartleby-debug.txt <==
append_output called with: '/typing\n'

==> /tmp/debug-output.txt <==
/typing

==> /tmp/bartleby-debug.txt <==
append_output called with: '/typing\n'

==> /tmp/debug-output.txt <==
/typing
DEBUG Message: AssistantMessage

==> /tmp/bartleby-debug.txt <==
append_output called with: 'Hello! How can I help you today?\n'

==> /tmp/debug-output.txt <==
Hello! How can I help you today?
DEBUG Message: ResultMessage

==> /tmp/bartleby-debug.txt <==
append_output called with: '/typing\n'

==> /tmp/debug-output.txt <==
/typing

==> /tmp/bartleby-debug.txt <==
append_output called with: '/typing\n'

==> /tmp/debug-output.txt <==
/typing

==> /tmp/bartleby-debug.txt <==
append_output called with: '/typing\n'

==> /tmp/debug-output.txt <==
/typing

==> /tmp/bartleby-debug.txt <==
append_output called with: '/typing\n'

==> /tmp/debug-output.txt <==
/typing

==> /tmp/bartleby-debug.txt <==
append_output called with: '/typing\n'

==> /tmp/debug-output.txt <==
/typing
DEBUG: Query loop finished

==> /tmp/bartleby-debug.txt <==
append_output called with: '/unset typing\n'

==> /tmp/debug-output.txt <==
/unset typing
q^C
jes@commonplace:~/commonplace/workspace/bartleby$ less "/tmp/bartleby-debug.txt"
jes@commonplace:~/commonplace/workspace/bartleby$ less "/tmp/bartleby-debug.txt"
jes@commonplace:~/commonplace/workspace/bartleby$
